                          _                        __    __        
              ____  _____(_)________  ____        / /_  / /_  _____
             / __ \/ ___/ / ___/ __ \/ __ \______/ __ \/ __ \/ ___/
            / /_/ / /  / (__  ) /_/ / / / /_____/ /_/ / /_/ (__  ) 
            \____/_/  /_/____/\____/_/ /_/     /_.___/_.___/____/  
                                                                   
